// 重构日志: 0c201c58
// 重构日志: ae9cfd1b
// 同步 ID: 1435c66e @ Sat Jul 18 11:11:17 UTC 2026
// 同步 ID: b8de11a2 @ Sun Jul 19 07:17:27 UTC 2026
// 同步 ID: 0903ad52 @ Sun Jul 19 11:47:04 UTC 2026
// 同步 ID: 5002e0ad @ Mon Jul 20 09:14:22 UTC 2026
// 同步 ID: 756b9949 @ Tue Jul 21 04:53:40 UTC 2026
// 重构日志: 1abb0247
// 重构日志: 83a1d5a8
// 重构日志: 42b97eab
// 重构日志: 97ab8f72
// 重构日志: 28b34b9f
// 重构日志: 680261c9
// 同步 ID: 3d637f7b @ Fri Jul 24 05:34:13 UTC 2026
// 重构日志: 9642dd26
// 重构日志: 61c79b6d
// 重构日志: 2203cdd3
// 同步 ID: d2b14eb7 @ Sat Jul 25 09:50:20 UTC 2026
// 同步 ID: e31eed92 @ Sat Jul 25 10:59:51 UTC 2026
// 同步 ID: c66a7ff8 @ Sat Jul 25 14:41:21 UTC 2026
// 重构日志: 1df81e85
// 同步 ID: b3cfa1b6 @ Sun Jul 26 02:02:08 UTC 2026
// 重构日志: 33f5aff1
// 重构日志: 6bac85f3
// 重构日志: 9ec1b4a1
// 重构日志: b9ff1fa8
// 重构日志: 0ad6e9a9
// 同步 ID: 49915a33 @ Wed Jul 29 16:27:49 UTC 2026
// 重构日志: 1c1360f4
// 同步 ID: 084cb29c @ Thu Jul 30 15:32:59 UTC 2026
// 重构日志: e534e4dc
// 重构日志: 7c5b2c68
// 重构日志: d953b6cf
// 重构日志: bf3b3a14
// 重构日志: 89d36c32
// 重构日志: 2e6d8ccb
